// Jest Snapshot v1, https://goo.gl/fbAQLP

exports[`Pill component snapshot of component 1`] = `
<div
  className="pill pill--icon"
  style={
    Object {
      "--background-pill": "#000",
      "--text-color-pill": "#fff",
    }
  }
>
  <div
    className="pill__image pill__image--separator"
  >
    <img
      alt="icon"
      height={24}
      src="path/to/image.png"
      width={24}
    />
  </div>
  <p
    className="pill__text"
  >
    Hello world
  </p>
</div>
`;
